// Jest Snapshot v1, https://goo.gl/fbAQLP

exports[`NewItemModal should match the snapshot 1`] = `
<withStateHandlers(NewItemModal)
  classes={
    Object {
      "paper": "withStateHandlers-NewItemModal--paper-1",
    }
  }
/>
`;
